// Jest Snapshot v1, https://goo.gl/fbAQLP

exports[`<TextButton /> renders correctly 1`] = `
<View
  accessibilityState={
    {
      "busy": undefined,
      "checked": undefined,
      "disabled": undefined,
      "expanded": undefined,
      "selected": undefined,
    }
  }
  accessibilityValue={
    {
      "max": undefined,
      "min": undefined,
      "now": undefined,
      "text": undefined,
    }
  }
  accessible={true}
  collapsable={false}
  focusable={true}
  hitSlop={
    {
      "bottom": 4,
      "left": 4,
      "right": 4,
      "top": 4,
    }
  }
  onClick={[Function]}
  onResponderGrant={[Function]}
  onResponderMove={[Function]}
  onResponderRelease={[Function]}
  onResponderTerminate={[Function]}
  onResponderTerminationRequest={[Function]}
  onStartShouldSetResponder={[Function]}
  style={
    {
      "alignSelf": "flex-start",
      "opacity": 1,
    }
  }
>
  <Text
    style={
      {
        "color": "#a4a4a4ff",
        "fontFamily": "GoogleSansMedium",
        "fontSize": 12,
        "paddingTop": 10,
        "textDecorationLine": "underline",
      }
    }
  >
    Edit
  </Text>
</View>
`;
